> Task :compileJava UP-TO-DATE
> Task :processResources UP-TO-DATE
> Task :classes UP-TO-DATE
> Task :compileTestJava UP-TO-DATE
> Task :processTestResources NO-SOURCE
> Task :testClasses UP-TO-DATE

> Task :test

ExpensetrackerApplicationTests > contextLoads() FAILED
    java.lang.IllegalStateException at DefaultCacheAwareContextLoaderDelegate.java:180
        Caused by: org.springframework.beans.factory.BeanCreationException at AbstractAutowireCapableBeanFactory.java:1806
            Caused by: jakarta.persistence.PersistenceException at AbstractEntityManagerFactoryBean.java:421
                Caused by: org.hibernate.exception.JDBCConnectionException at SQLExceptionTypeDelegate.java:51
                    Caused by: org.h2.jdbc.JdbcSQLNonTransientConnectionException at DbException.java:690
                        Caused by: org.h2.mvstore.MVStoreException at DataUtils.java:996

Java HotSpot(TM) 64-Bit Server VM warning: Sharing is only supported for boot loader classes because bootstrap classpath has been appended

> Task :test FAILED

5 tests completed, 1 failed

[Incubating] Problems report is available at: file:///D:/HocTap/quanlychitieu/build/reports/problems/problems-report.html

FAILURE: Build failed with an exception.

* What went wrong:
Execution failed for task ':test'.
> There were failing tests. See the report at: file:///D:/HocTap/quanlychitieu/build/reports/tests/test/index.html

* Try:
> Run with --scan to get full insights from a Build Scan (powered by Develocity).

Deprecated Gradle features were used in this build, making it incompatible with Gradle 10.

You can use '--warning-mode all' to show the individual deprecation warnings and determine if they come from your own scripts or plugins.

For more on this, please refer to https://docs.gradle.org/9.3.1/userguide/command_line_interface.html#sec:command_line_warnings in the Gradle documentation.

BUILD FAILED in 21s
4 actionable tasks: 1 executed, 3 up-to-date
